[Ln 1, Col 1] - [Ln 1, Col 4] INT: int
[Ln 1, Col 4] - [Ln 1, Col 5] UNDEFINED: e
